// Jest Snapshot v1, https://goo.gl/fbAQLP

exports[`Snapshot should not have changes 1`] = `
<StackedBarChart
  data={
    Array [
      Array [
        "Ferramenta",
        "Audiências Interativas",
        "Wikilegis",
        "Enquetes",
        "Pauta Participativa",
      ],
      Array [
        "",
        300,
        800,
        231,
        545,
      ],
    ]
  }
  options={
    Object {
      "backgroundColor": "#000000",
      "bar": Object {
        "groupWidth": "30%",
      },
      "colors": Array [
        "#FFC107",
        "#76D275",
        "#6EC6FF",
        "#FF6F60",
      ],
      "hAxis": Object {
        "gridlines": Object {
          "color": "transparent",
        },
        "minValue": 0,
        "textPosition": "none",
      },
      "isStacked": "relative",
      "legend": Object {
        "maxLines": 3,
        "position": "top",
        "textStyle": Object {
          "color": "white",
        },
      },
    }
  }
>
  <Chart
    chartActions={null}
    chartEvents={null}
    chartType="BarChart"
    chartWrapperParams={Object {}}
    className=""
    columns={null}
    controls={null}
    data={
      Array [
        Array [
          "Ferramenta",
          "Audiências Interativas",
          "Wikilegis",
          "Enquetes",
          "Pauta Participativa",
        ],
        Array [
          "",
          300,
          800,
          231,
          545,
        ],
      ]
    }
    diffdata={null}
    formatters={null}
    getChartEditor={null}
    getChartWrapper={[Function]}
    graphID={null}
    graph_id={null}
    height="115px"
    legendToggle={false}
    legend_toggle={false}
    loader={
      <div>
        Carregando Gráfico
      </div>
    }
    options={
      Object {
        "backgroundColor": "#000000",
        "bar": Object {
          "groupWidth": "30%",
        },
        "colors": Array [
          "#FFC107",
          "#76D275",
          "#6EC6FF",
          "#FF6F60",
        ],
        "hAxis": Object {
          "gridlines": Object {
            "color": "transparent",
          },
          "minValue": 0,
          "textPosition": "none",
        },
        "isStacked": "relative",
        "legend": Object {
          "maxLines": 3,
          "position": "top",
          "textStyle": Object {
            "color": "white",
          },
        },
      }
    }
    render={null}
    rootProps={Object {}}
    rows={null}
    spreadSheetQueryParameters={
      Object {
        "gid": 1,
        "headers": 1,
      }
    }
    spreadSheetUrl={null}
    style={Object {}}
    toolbarID={null}
    toolbarItems={null}
    width="100%"
  >
    <ContextProvider
      value={
        Object {
          "chartActions": null,
          "chartEvents": null,
          "chartType": "BarChart",
          "chartWrapperParams": Object {},
          "className": "",
          "columns": null,
          "controls": null,
          "data": Array [
            Array [
              "Ferramenta",
              "Audiências Interativas",
              "Wikilegis",
              "Enquetes",
              "Pauta Participativa",
            ],
            Array [
              "",
              300,
              800,
              231,
              545,
            ],
          ],
          "diffdata": null,
          "formatters": null,
          "getChartEditor": null,
          "getChartWrapper": [Function],
          "graphID": null,
          "graph_id": null,
          "height": "115px",
          "legendToggle": false,
          "legend_toggle": false,
          "loader": <div>
            Carregando Gráfico
          </div>,
          "options": Object {
            "backgroundColor": "#000000",
            "bar": Object {
              "groupWidth": "30%",
            },
            "colors": Array [
              "#FFC107",
              "#76D275",
              "#6EC6FF",
              "#FF6F60",
            ],
            "hAxis": Object {
              "gridlines": Object {
                "color": "transparent",
              },
              "minValue": 0,
              "textPosition": "none",
            },
            "isStacked": "relative",
            "legend": Object {
              "maxLines": 3,
              "position": "top",
              "textStyle": Object {
                "color": "white",
              },
            },
          },
          "render": null,
          "rootProps": Object {},
          "rows": null,
          "spreadSheetQueryParameters": Object {
            "gid": 1,
            "headers": 1,
          },
          "spreadSheetUrl": null,
          "style": Object {},
          "toolbarID": null,
          "toolbarItems": null,
          "width": "100%",
        }
      }
    >
      <div>
        Carregando Gráfico
      </div>
      <GoogleChartLoader
        onError={[Function]}
        onLoad={[Function]}
      >
        <Script
          attributes={Object {}}
          onCreate={[Function]}
          onError={[Function]}
          onLoad={[Function]}
          url="https://www.gstatic.com/charts/loader.js"
        />
      </GoogleChartLoader>
    </ContextProvider>
  </Chart>
</StackedBarChart>
`;
