// Jest Snapshot v1, https://goo.gl/fbAQLP

exports[`Snapshot should not have changes 1`] = `
<CalendarHeatChart
  data={
    Array [
      Array [
        Object {
          "id": "Date",
          "type": "date",
        },
        Object {
          "id": "Won/Loss",
          "type": "number",
        },
      ],
      Array [
        2013-02-04T10:40:00.000Z,
        37032,
      ],
      Array [
        2013-02-04T10:40:00.000Z,
        37032,
      ],
      Array [
        2013-02-04T10:40:00.000Z,
        37032,
      ],
      Array [
        2013-02-04T10:40:00.000Z,
        37032,
      ],
      Array [
        2013-02-04T10:40:00.000Z,
        37032,
      ],
    ]
  }
  options={
    Object {
      "calendar": Object {
        "cellColor": Object {
          "stroke": "#76a7fa",
          "strokeOpacity": 0.5,
          "strokeWidth": 1,
        },
      },
      "title": "Red Sox Attendance",
    }
  }
>
  <Chart
    chartActions={null}
    chartEvents={null}
    chartType="Calendar"
    chartWrapperParams={Object {}}
    className=""
    columns={null}
    controls={null}
    data={
      Array [
        Array [
          Object {
            "id": "Date",
            "type": "date",
          },
          Object {
            "id": "Won/Loss",
            "type": "number",
          },
        ],
        Array [
          2013-02-04T10:40:00.000Z,
          37032,
        ],
        Array [
          2013-02-04T10:40:00.000Z,
          37032,
        ],
        Array [
          2013-02-04T10:40:00.000Z,
          37032,
        ],
        Array [
          2013-02-04T10:40:00.000Z,
          37032,
        ],
        Array [
          2013-02-04T10:40:00.000Z,
          37032,
        ],
      ]
    }
    diffdata={null}
    formatters={null}
    getChartEditor={null}
    getChartWrapper={[Function]}
    graphID={null}
    graph_id={null}
    height="350px"
    legendToggle={false}
    legend_toggle={false}
    loader={
      <div>
        Carregando Gráfico
      </div>
    }
    options={
      Object {
        "calendar": Object {
          "cellColor": Object {
            "stroke": "#76a7fa",
            "strokeOpacity": 0.5,
            "strokeWidth": 1,
          },
        },
        "title": "Red Sox Attendance",
      }
    }
    render={null}
    rootProps={
      Object {
        "data-testid": "1",
      }
    }
    rows={null}
    spreadSheetQueryParameters={
      Object {
        "gid": 1,
        "headers": 1,
      }
    }
    spreadSheetUrl={null}
    style={Object {}}
    toolbarID={null}
    toolbarItems={null}
    width="1000px"
  >
    <ContextProvider
      value={
        Object {
          "chartActions": null,
          "chartEvents": null,
          "chartType": "Calendar",
          "chartWrapperParams": Object {},
          "className": "",
          "columns": null,
          "controls": null,
          "data": Array [
            Array [
              Object {
                "id": "Date",
                "type": "date",
              },
              Object {
                "id": "Won/Loss",
                "type": "number",
              },
            ],
            Array [
              2013-02-04T10:40:00.000Z,
              37032,
            ],
            Array [
              2013-02-04T10:40:00.000Z,
              37032,
            ],
            Array [
              2013-02-04T10:40:00.000Z,
              37032,
            ],
            Array [
              2013-02-04T10:40:00.000Z,
              37032,
            ],
            Array [
              2013-02-04T10:40:00.000Z,
              37032,
            ],
          ],
          "diffdata": null,
          "formatters": null,
          "getChartEditor": null,
          "getChartWrapper": [Function],
          "graphID": null,
          "graph_id": null,
          "height": "350px",
          "legendToggle": false,
          "legend_toggle": false,
          "loader": <div>
            Carregando Gráfico
          </div>,
          "options": Object {
            "calendar": Object {
              "cellColor": Object {
                "stroke": "#76a7fa",
                "strokeOpacity": 0.5,
                "strokeWidth": 1,
              },
            },
            "title": "Red Sox Attendance",
          },
          "render": null,
          "rootProps": Object {
            "data-testid": "1",
          },
          "rows": null,
          "spreadSheetQueryParameters": Object {
            "gid": 1,
            "headers": 1,
          },
          "spreadSheetUrl": null,
          "style": Object {},
          "toolbarID": null,
          "toolbarItems": null,
          "width": "1000px",
        }
      }
    >
      <div>
        Carregando Gráfico
      </div>
      <GoogleChartLoader
        onError={[Function]}
        onLoad={[Function]}
      >
        <Script
          attributes={Object {}}
          onCreate={[Function]}
          onError={[Function]}
          onLoad={[Function]}
          url="https://www.gstatic.com/charts/loader.js"
        />
      </GoogleChartLoader>
    </ContextProvider>
  </Chart>
</CalendarHeatChart>
`;
