// Jest Snapshot v1, https://goo.gl/fbAQLP

exports[`Render Totals Grid ToolTip With Data 1`] = `ReactWrapper {}`;

exports[`Render Totals Grid With Data 1`] = `ReactWrapper {}`;

exports[`snapshot should not have changes 1`] = `ShallowWrapper {}`;

exports[`snapshot should not have changes 2`] = `ShallowWrapper {}`;
