// Jest Snapshot v1, https://goo.gl/fbAQLP

exports[`snapshot should not have changes 1`] = `
<WithStyles(ForwardRef(Grid))
  className="makeStyles-homeMenuContainer-2"
  container={true}
>
  <WithStyles(ForwardRef(Drawer))
    PaperProps={
      Object {
        "style": Object {
          "backgroundColor": "transparent",
          "boxShadow": "none",
        },
      }
    }
    classes={
      Object {
        "paper": "makeStyles-drawerPaper-1",
      }
    }
    variant="permanent"
  >
    <WithStyles(ForwardRef(List))>
      <ListItemSideBar
        classes={
          Object {
            "drawerPaper": "makeStyles-drawerPaper-1",
            "homeMenuContainer": "makeStyles-homeMenuContainer-2",
          }
        }
        icon={
          Object {
            "$$typeof": Symbol(react.memo),
            "compare": null,
            "displayName": "SettingsIcon",
            "muiName": "SvgIcon",
            "type": Object {
              "$$typeof": Symbol(react.forward_ref),
              "render": [Function],
            },
          }
        }
        id="generalSettings"
        isActive={true}
        itemId={0}
        title="Configurações Gerais"
      />
      <ListItemSideBar
        classes={
          Object {
            "drawerPaper": "makeStyles-drawerPaper-1",
            "homeMenuContainer": "makeStyles-homeMenuContainer-2",
          }
        }
        icon={
          Object {
            "$$typeof": Symbol(react.memo),
            "compare": null,
            "displayName": "SettingsIcon",
            "muiName": "SvgIcon",
            "type": Object {
              "$$typeof": Symbol(react.forward_ref),
              "render": [Function],
            },
          }
        }
        id="tools"
        isActive={false}
        itemId={1}
        title="Ferramentas"
      />
      <ListItemSideBar
        classes={
          Object {
            "drawerPaper": "makeStyles-drawerPaper-1",
            "homeMenuContainer": "makeStyles-homeMenuContainer-2",
          }
        }
        icon={
          Object {
            "$$typeof": Symbol(react.memo),
            "compare": null,
            "displayName": "InfoIcon",
            "muiName": "SvgIcon",
            "type": Object {
              "$$typeof": Symbol(react.forward_ref),
              "render": [Function],
            },
          }
        }
        id="about"
        isActive={false}
        itemId={2}
        title="Sobre o Dashboard"
      />
    </WithStyles(ForwardRef(List))>
  </WithStyles(ForwardRef(Drawer))>
</WithStyles(ForwardRef(Grid))>
`;
